# file opened: DebugIntDemo.asm
  1   0000                  output "DebugIntDemo.bin", t
  2   0000 00               nop
  3   0001 C3 08 00         jp main
  4   0004              INT_TABLE:
  5   0004 50 00            .WORD ihdlr_serial
  6   0006 4B 00            .WORD ihdlr_other
  7   0008
  8   0008              main:
  9   0008 3E 00            ld a, 0
 10   000A ED 47            ld I, a
 11   000C 0E 01            ld c, 0x01;
 12   000E ED 5E            im 2
 13   0010 FB               ei
 14   0011 31 CD AB         ld sp, 0xabcd;
 15   0014 3E 01            ld a, 1
 16   0016 01 BC 00         ld bc, 0xbc
 17   0019
 18   0019              outer_loop:
 19   0019 3F               ccf
 20   001A CD 57 00         call ihdlr_debug
 21   001D 21 00 00         ld hl, 0
 22   0020              loop:
 23   0020                  ; out (0x01), a
 24   0020 23               inc hl
 25   0021 BC               cp h
 26   0022 C2 20 00         jp nz, loop
 27   0025
 28   0025 3C               inc a
 29   0026 C3 19 00         jp outer_loop
 30   0029
 31   0029
 32   0029 00 00 00...      BLOCK 0x22, 0
 33   004B
 34   004B              ihdlr_other:
 35   004B
 36   004B ED 40            in b, (c);
 37   004D FB               ei
 38   004E ED 4D            reti
 39   0050
 40   0050
 41   0050              ihdlr_serial:
 42   0050 DB 01            in a, (0x01)
 43   0052 D3 02            out (0x02), a
 44   0054 FB               ei
 45   0055 ED 4D            reti
 46   0057
 47   0057              ;11001100
 48   0057
 49   0057              ihdlr_debug:
 50   0057 ED 73 C0 00      ld (old_sp), sp
 51   005B F5               push af
 52   005C E5               push hl
 53   005D D3 30            out (0x30), a   ;A
 54   005F F5               push af
 55   0060 E1               pop hl
 56   0061 22 BE 00         ld (reg_buffer), hl     ;To output AF
DebugIntDemo.asm(57): warning: Accessing low memory address 0x00BE, is it ok?: ld a, (reg_buffer)      
 57   0064 3A BE 00         ld a, (reg_buffer)      ;f
 58   0067 D3 31            out (0x31), a
 59   0069 78               ld a, b
 60   006A D3 32            out (0x32), a
 61   006C 79               ld a, c
 62   006D D3 33            out (0x33), a
 63   006F 7A               ld a, d
 64   0070 D3 34            out (0x34), a
 65   0072 7B               ld a, e
 66   0073 D3 35            out (0x35), a
 67   0075 22 BE 00         ld (reg_buffer), hl     ;To output HL
DebugIntDemo.asm(68): warning: Accessing low memory address 0x00BF, is it ok?: ld a, (reg_buffer+1)    
 68   0078 3A BF 00         ld a, (reg_buffer+1)    ;Hlh
 69   007B D3 36            out (0x36), a
DebugIntDemo.asm(70): warning: Accessing low memory address 0x00BE, is it ok?: ld a, (reg_buffer)      
 70   007D 3A BE 00         ld a, (reg_buffer)      ;HLl
 71   0080 D3 37            out (0x37), a
 72   0082 DD 22 BE 00      ld (reg_buffer), ix     ;To output IX
DebugIntDemo.asm(73): warning: Accessing low memory address 0x00BF, is it ok?: ld a, (reg_buffer+1)    
 73   0086 3A BF 00         ld a, (reg_buffer+1)    ;IXh
 74   0089 D3 38            out (0x38), a
DebugIntDemo.asm(75): warning: Accessing low memory address 0x00BE, is it ok?: ld a, (reg_buffer)      
 75   008B 3A BE 00         ld a, (reg_buffer)      ;IXl
 76   008E D3 39            out (0x39), a
 77   0090 FD 22 BE 00      ld (reg_buffer), IY     ;To output IY
DebugIntDemo.asm(78): warning: Accessing low memory address 0x00BF, is it ok?: ld a, (reg_buffer+1)    
 78   0094 3A BF 00         ld a, (reg_buffer+1)    ;IYh
 79   0097 D3 3A            out (0x3a), a
DebugIntDemo.asm(80): warning: Accessing low memory address 0x00BE, is it ok?: ld a, (reg_buffer)      
 80   0099 3A BE 00         ld a, (reg_buffer)      ;IYl
 81   009C D3 3B            out (0x3b), a
 82   009E ED 73 BE 00      ld (reg_buffer), SP     ;To output SP
DebugIntDemo.asm(83): warning: Accessing low memory address 0x00BF, is it ok?: ld a, (reg_buffer+1)    
 83   00A2 3A BF 00         ld a, (reg_buffer+1)    ;SPh
 84   00A5 D3 3C            out (0x3c), a
DebugIntDemo.asm(85): warning: Accessing low memory address 0x00BE, is it ok?: ld a, (reg_buffer)      
 85   00A7 3A BE 00         ld a, (reg_buffer)      ;SPl
 86   00AA D3 3D            out (0x3d), a
DebugIntDemo.asm(87): warning: Accessing low memory address 0x00C0, is it ok?: ld hl, (old_sp)
 87   00AC 2A C0 00         ld hl, (old_sp)
 88   00AF 23               inc hl
 89   00B0 7E               ld a, (HL)      ;PCh
 90   00B1 D3 3E            out (0x3e), a
 91   00B3 2B               dec hl
 92   00B4 7E               ld a, (hl)
 93   00B5 D3 3F            out (0x3f), a
 94   00B7 D3 40            out (0x40), a
 95   00B9 E1               pop hl
 96   00BA F1               pop af
 97   00BB                  ; out (0x00), a           ;Wait to continue
 98   00BB FB               ei
 99   00BC ED 4D            reti
100   00BE 00 00        reg_buffer .byte 0, 0;Buffer
101   00C0 00 00        old_sp .byte 0, 0
102   00C2
103   00C2              outend
104   00C2
# file closed: DebugIntDemo.asm
