# file opened: Int2_tst.asm
  1   0000                  output "Int2_tst.bin", t
  2   0000 00               nop
  3   0001 C3 08 00         jp main
  4   0004              INT_TABLE:
  5   0004 50 00            .WORD ihdlr_serial
  6   0006 4B 00            .WORD ihdlr_other
  7   0008
  8   0008              main:
  9   0008 3E 00            ld a, 0
 10   000A ED 47            ld I, a
 11   000C 0E 01            ld c, 0x01;
 12   000E ED 5E            im 2
 13   0010 FB               ei
 14   0011 31 CD AB         ld sp, 0xabcd;
 15   0014 3E 01            ld a, 1
 16   0016 01 BC 00         ld bc, 0xbc
 17   0019
 18   0019              outer_loop:
 19   0019 3F               ccf
 20   001A CD 57 00         call ihdlr_debug
 21   001D 21 00 00         ld hl, 0
 22   0020              loop:
 23   0020                  ; out (0x01), a
 24   0020 23               inc hl
 25   0021 BC               cp h
 26   0022 C2 20 00         jp nz, loop
 27   0025
 28   0025 3C               inc a
 29   0026 C3 19 00         jp outer_loop
 30   0029
 31   0029
 32   0029 00 00 00...      BLOCK 0x22, 0
 33   004B
 34   004B              ihdlr_other:
 35   004B
 36   004B ED 40            in b, (c);
 37   004D FB               ei
 38   004E ED 4D            reti
 39   0050
 40   0050
 41   0050              ihdlr_serial:
 42   0050 DB 01            in a, (0x01)
 43   0052 D3 02            out (0x02), a
 44   0054 FB               ei
 45   0055 ED 4D            reti
 46   0057
 47   0057              ;11001100
 48   0057
 49   0057              ihdlr_debug:
 50   0057 ED 73 C0 00      ld (old_sp), sp
 51   005B F5               push af
 52   005C E5               push hl
 53   005D                  ; push ix
 54   005D                  ; ld ix
 55   005D
 56   005D D3 30            out (0x30), a   ;A
 57   005F
 58   005F F5               push af
 59   0060 E1               pop hl
 60   0061
 61   0061 22 BE 00         ld (reg_buffer), hl     ;To output AF
Int2_tst.asm(62): warning: Accessing low memory address 0x00BE, is it ok?: ld a, (reg_buffer)      
 62   0064 3A BE 00         ld a, (reg_buffer)      ;f
 63   0067 D3 31            out (0x31), a
 64   0069
 65   0069
 66   0069 78               ld a, b
 67   006A D3 32            out (0x32), a
 68   006C
 69   006C 79               ld a, c
 70   006D D3 33            out (0x33), a
 71   006F
 72   006F 7A               ld a, d
 73   0070 D3 34            out (0x34), a
 74   0072
 75   0072 7B               ld a, e
 76   0073 D3 35            out (0x35), a
 77   0075
 78   0075 22 BE 00         ld (reg_buffer), hl     ;To output HL
Int2_tst.asm(79): warning: Accessing low memory address 0x00BF, is it ok?: ld a, (reg_buffer+1)    
 79   0078 3A BF 00         ld a, (reg_buffer+1)    ;Hlh
 80   007B D3 36            out (0x36), a
Int2_tst.asm(81): warning: Accessing low memory address 0x00BE, is it ok?: ld a, (reg_buffer)      
 81   007D 3A BE 00         ld a, (reg_buffer)      ;HLl
 82   0080 D3 37            out (0x37), a
 83   0082
 84   0082 DD 22 BE 00      ld (reg_buffer), ix     ;To output IX
Int2_tst.asm(85): warning: Accessing low memory address 0x00BF, is it ok?: ld a, (reg_buffer+1)    
 85   0086 3A BF 00         ld a, (reg_buffer+1)    ;IXh
 86   0089 D3 38            out (0x38), a
Int2_tst.asm(87): warning: Accessing low memory address 0x00BE, is it ok?: ld a, (reg_buffer)      
 87   008B 3A BE 00         ld a, (reg_buffer)      ;IXl
 88   008E D3 39            out (0x39), a
 89   0090
 90   0090 FD 22 BE 00      ld (reg_buffer), IY     ;To output IY
Int2_tst.asm(91): warning: Accessing low memory address 0x00BF, is it ok?: ld a, (reg_buffer+1)    
 91   0094 3A BF 00         ld a, (reg_buffer+1)    ;IYh
 92   0097 D3 3A            out (0x3a), a
Int2_tst.asm(93): warning: Accessing low memory address 0x00BE, is it ok?: ld a, (reg_buffer)      
 93   0099 3A BE 00         ld a, (reg_buffer)      ;IYl
 94   009C D3 3B            out (0x3b), a
 95   009E
 96   009E ED 73 BE 00      ld (reg_buffer), SP     ;To output SP
Int2_tst.asm(97): warning: Accessing low memory address 0x00BF, is it ok?: ld a, (reg_buffer+1)    
 97   00A2 3A BF 00         ld a, (reg_buffer+1)    ;SPh
 98   00A5 D3 3C            out (0x3c), a
Int2_tst.asm(99): warning: Accessing low memory address 0x00BE, is it ok?: ld a, (reg_buffer)      
 99   00A7 3A BE 00         ld a, (reg_buffer)      ;SPl
100   00AA D3 3D            out (0x3d), a
101   00AC
Int2_tst.asm(102): warning: Accessing low memory address 0x00C0, is it ok?: ld hl, (old_sp)
102   00AC 2A C0 00         ld hl, (old_sp)
103   00AF
104   00AF                  ; ld (reg_buffer), (hl)     ;8-bit load, for some reason
105   00AF                  ; inc hl
106   00AF                  ; ld (reg_buffer + 1), (hl)     ;second portion of PC
107   00AF                  ; ld a, (reg_buffer+1)    ;PCh
108   00AF                  ; out (0x3e), a
109   00AF                  ; ld a, (reg_buffer)      ;PCl
110   00AF                  ; out (0x3f), a
111   00AF 23               inc hl
112   00B0 7E               ld a, (HL)      ;PCh
113   00B1 D3 3E            out (0x3e), a
114   00B3 2B               dec hl
115   00B4 7E               ld a, (hl)
116   00B5 D3 3F            out (0x3f), a
117   00B7
118   00B7
119   00B7                  ; out
120   00B7 D3 40            out (0x40), a
121   00B9
122   00B9 E1               pop hl
123   00BA F1               pop af
124   00BB
125   00BB FB               ei
126   00BC ED 4D            reti
127   00BE 00 00        reg_buffer .byte 0, 0;Buffer
128   00C0 00 00        old_sp .byte 0, 0
129   00C2
130   00C2              outend
131   00C2
# file closed: Int2_tst.asm
